---
version: 1
interactions:
- request:
    body: ""
    form: {}
    headers:
      User-Agent:
      - FastlyGo/6.8.0 (+github.com/fastly/go-fastly; go1.16.15)
    url: https://api.fastly.com/service/kKJb5bOFI47uHeBVluGfX1/version/38/logging/sftp/test-sftp
    method: DELETE
  response:
    body: '{"msg":"Record not found","detail":"Couldn''t find syslog ''{ deleted =\u003e
      0000-00-00 00:00:00, name =\u003e test-sftp, service =\u003e kKJb5bOFI47uHeBVluGfX1,
      version =\u003e 38 }''"}'
    headers:
      Accept-Ranges:
      - bytes
      Cache-Control:
      - no-store
      Content-Type:
      - application/json
      Date:
      - Fri, 04 Nov 2022 11:08:09 GMT
      Fastly-Ratelimit-Remaining:
      - "9990"
      Fastly-Ratelimit-Reset:
      - "1667563200"
      Status:
      - 404 Not Found
      Strict-Transport-Security:
      - max-age=31536000
      Vary:
      - Accept-Encoding
      Via:
      - 1.1 varnish, 1.1 varnish
      X-Cache:
      - MISS, MISS
      X-Cache-Hits:
      - 0, 0
      X-Served-By:
      - cache-control-cp-aws-us-east-1-prod-5-CONTROL-AWS, cache-man4147-MAN
      X-Timer:
      - S1667560090.522044,VS0,VE136
    status: 404 Not Found
    code: 404
    duration: ""
- request:
    body: ""
    form: {}
    headers:
      User-Agent:
      - FastlyGo/6.8.0 (+github.com/fastly/go-fastly; go1.16.15)
    url: https://api.fastly.com/service/kKJb5bOFI47uHeBVluGfX1/version/38/logging/sftp/test-sftp-2
    method: DELETE
  response:
    body: '{"status":"ok"}'
    headers:
      Accept-Ranges:
      - bytes
      Cache-Control:
      - no-store
      Content-Type:
      - application/json
      Date:
      - Fri, 04 Nov 2022 11:08:09 GMT
      Fastly-Ratelimit-Remaining:
      - "9989"
      Fastly-Ratelimit-Reset:
      - "1667563200"
      Status:
      - 200 OK
      Strict-Transport-Security:
      - max-age=31536000
      Vary:
      - Accept-Encoding
      Via:
      - 1.1 varnish, 1.1 varnish
      X-Cache:
      - MISS, MISS
      X-Cache-Hits:
      - 0, 0
      X-Served-By:
      - cache-control-cp-aws-us-east-1-prod-6-CONTROL-AWS, cache-man4147-MAN
      X-Timer:
      - S1667560090.688077,VS0,VE216
    status: 200 OK
    code: 200
    duration: ""
- request:
    body: ""
    form: {}
    headers:
      User-Agent:
      - FastlyGo/6.8.0 (+github.com/fastly/go-fastly; go1.16.15)
    url: https://api.fastly.com/service/kKJb5bOFI47uHeBVluGfX1/version/38/logging/sftp/test-sftp-3
    method: DELETE
  response:
    body: '{"status":"ok"}'
    headers:
      Accept-Ranges:
      - bytes
      Cache-Control:
      - no-store
      Content-Type:
      - application/json
      Date:
      - Fri, 04 Nov 2022 11:08:10 GMT
      Fastly-Ratelimit-Remaining:
      - "9988"
      Fastly-Ratelimit-Reset:
      - "1667563200"
      Status:
      - 200 OK
      Strict-Transport-Security:
      - max-age=31536000
      Vary:
      - Accept-Encoding
      Via:
      - 1.1 varnish, 1.1 varnish
      X-Cache:
      - MISS, MISS
      X-Cache-Hits:
      - 0, 0
      X-Served-By:
      - cache-control-cp-aws-us-east-1-prod-5-CONTROL-AWS, cache-man4147-MAN
      X-Timer:
      - S1667560090.929786,VS0,VE207
    status: 200 OK
    code: 200
    duration: ""
- request:
    body: ""
    form: {}
    headers:
      User-Agent:
      - FastlyGo/6.8.0 (+github.com/fastly/go-fastly; go1.16.15)
    url: https://api.fastly.com/service/kKJb5bOFI47uHeBVluGfX1/version/38/logging/sftp/new-test-sftp
    method: DELETE
  response:
    body: '{"msg":"Record not found","detail":"Couldn''t find syslog ''{ deleted =\u003e
      0000-00-00 00:00:00, name =\u003e new-test-sftp, service =\u003e kKJb5bOFI47uHeBVluGfX1,
      version =\u003e 38 }''"}'
    headers:
      Accept-Ranges:
      - bytes
      Cache-Control:
      - no-store
      Content-Type:
      - application/json
      Date:
      - Fri, 04 Nov 2022 11:08:10 GMT
      Fastly-Ratelimit-Remaining:
      - "9987"
      Fastly-Ratelimit-Reset:
      - "1667563200"
      Status:
      - 404 Not Found
      Strict-Transport-Security:
      - max-age=31536000
      Vary:
      - Accept-Encoding
      Via:
      - 1.1 varnish, 1.1 varnish
      X-Cache:
      - MISS, MISS
      X-Cache-Hits:
      - 0, 0
      X-Served-By:
      - cache-control-cp-aws-us-east-1-prod-5-CONTROL-AWS, cache-man4147-MAN
      X-Timer:
      - S1667560090.169037,VS0,VE151
    status: 404 Not Found
    code: 404
    duration: ""
