---
version: 1
interactions:
- request:
    body: ""
    form: {}
    headers:
      User-Agent:
      - FastlyGo/2.0.0 (+github.com/fastly/go-fastly; go1.15.2)
    url: https://api.fastly.com/service/7i6HN3TK9wS159v2gPAZ8A/version/103/logging/sftp/test-sftp
    method: DELETE
  response:
    body: '{"msg":"Record not found","detail":"Couldn''t find syslog ''{ deleted =\u003e
      0000-00-00 00:00:00, name =\u003e test-sftp, service =\u003e 7i6HN3TK9wS159v2gPAZ8A,
      version =\u003e 103 }''"}'
    headers:
      Accept-Ranges:
      - bytes
      Cache-Control:
      - no-cache
      Content-Type:
      - application/json
      Date:
      - Thu, 10 Dec 2020 00:16:26 GMT
      Fastly-Ratelimit-Remaining:
      - "979"
      Fastly-Ratelimit-Reset:
      - "1607562000"
      Status:
      - 404 Not Found
      Strict-Transport-Security:
      - max-age=31536000
      Vary:
      - Accept-Encoding
      Via:
      - 1.1 varnish, 1.1 varnish
      X-Cache:
      - MISS, MISS
      X-Cache-Hits:
      - 0, 0
      X-Served-By:
      - cache-control-slwdc9035-CONTROL-SLWDC, cache-den8259-DEN
      X-Timer:
      - S1607559387.588597,VS0,VE150
    status: 404 Not Found
    code: 404
    duration: ""
- request:
    body: ""
    form: {}
    headers:
      User-Agent:
      - FastlyGo/2.0.0 (+github.com/fastly/go-fastly; go1.15.2)
    url: https://api.fastly.com/service/7i6HN3TK9wS159v2gPAZ8A/version/103/logging/sftp/test-sftp-2
    method: DELETE
  response:
    body: '{"status":"ok"}'
    headers:
      Accept-Ranges:
      - bytes
      Cache-Control:
      - no-cache
      Content-Type:
      - application/json
      Date:
      - Thu, 10 Dec 2020 00:16:26 GMT
      Fastly-Ratelimit-Remaining:
      - "978"
      Fastly-Ratelimit-Reset:
      - "1607562000"
      Status:
      - 200 OK
      Strict-Transport-Security:
      - max-age=31536000
      Vary:
      - Accept-Encoding
      Via:
      - 1.1 varnish, 1.1 varnish
      X-Cache:
      - MISS, MISS
      X-Cache-Hits:
      - 0, 0
      X-Served-By:
      - cache-control-slwdc9035-CONTROL-SLWDC, cache-den8259-DEN
      X-Timer:
      - S1607559387.751604,VS0,VE226
    status: 200 OK
    code: 200
    duration: ""
- request:
    body: ""
    form: {}
    headers:
      User-Agent:
      - FastlyGo/2.0.0 (+github.com/fastly/go-fastly; go1.15.2)
    url: https://api.fastly.com/service/7i6HN3TK9wS159v2gPAZ8A/version/103/logging/sftp/test-sftp-3
    method: DELETE
  response:
    body: '{"status":"ok"}'
    headers:
      Accept-Ranges:
      - bytes
      Cache-Control:
      - no-cache
      Content-Type:
      - application/json
      Date:
      - Thu, 10 Dec 2020 00:16:27 GMT
      Fastly-Ratelimit-Remaining:
      - "977"
      Fastly-Ratelimit-Reset:
      - "1607562000"
      Status:
      - 200 OK
      Strict-Transport-Security:
      - max-age=31536000
      Vary:
      - Accept-Encoding
      Via:
      - 1.1 varnish, 1.1 varnish
      X-Cache:
      - MISS, MISS
      X-Cache-Hits:
      - 0, 0
      X-Served-By:
      - cache-control-slwdc9035-CONTROL-SLWDC, cache-den8259-DEN
      X-Timer:
      - S1607559387.991859,VS0,VE217
    status: 200 OK
    code: 200
    duration: ""
- request:
    body: ""
    form: {}
    headers:
      User-Agent:
      - FastlyGo/2.0.0 (+github.com/fastly/go-fastly; go1.15.2)
    url: https://api.fastly.com/service/7i6HN3TK9wS159v2gPAZ8A/version/103/logging/sftp/new-test-sftp
    method: DELETE
  response:
    body: '{"msg":"Record not found","detail":"Couldn''t find syslog ''{ deleted =\u003e
      0000-00-00 00:00:00, name =\u003e new-test-sftp, service =\u003e 7i6HN3TK9wS159v2gPAZ8A,
      version =\u003e 103 }''"}'
    headers:
      Accept-Ranges:
      - bytes
      Cache-Control:
      - no-cache
      Content-Type:
      - application/json
      Date:
      - Thu, 10 Dec 2020 00:16:27 GMT
      Fastly-Ratelimit-Remaining:
      - "976"
      Fastly-Ratelimit-Reset:
      - "1607562000"
      Status:
      - 404 Not Found
      Strict-Transport-Security:
      - max-age=31536000
      Vary:
      - Accept-Encoding
      Via:
      - 1.1 varnish, 1.1 varnish
      X-Cache:
      - MISS, MISS
      X-Cache-Hits:
      - 0, 0
      X-Served-By:
      - cache-control-slwdc9037-CONTROL-SLWDC, cache-den8259-DEN
      X-Timer:
      - S1607559387.223678,VS0,VE139
    status: 404 Not Found
    code: 404
    duration: ""
