---
version: 1
interactions:
- request:
    body: ""
    form: {}
    headers:
      User-Agent:
      - FastlyGo/3.0.0 (+github.com/fastly/go-fastly; go1.15.2)
    url: https://api.fastly.com/service/7i6HN3TK9wS159v2gPAZ8A/version/118/logging/azureblob/test-blobstorage
    method: DELETE
  response:
    body: '{"msg":"Record not found","detail":"Couldn''t find syslog ''{ deleted =\u003e
      0000-00-00 00:00:00, name =\u003e test-blobstorage, service =\u003e 7i6HN3TK9wS159v2gPAZ8A,
      version =\u003e 118 }''"}'
    headers:
      Accept-Ranges:
      - bytes
      Cache-Control:
      - no-cache
      Content-Type:
      - application/json
      Date:
      - Wed, 27 Jan 2021 22:56:49 GMT
      Fastly-Ratelimit-Remaining:
      - "991"
      Fastly-Ratelimit-Reset:
      - "1611788400"
      Status:
      - 404 Not Found
      Strict-Transport-Security:
      - max-age=31536000
      Vary:
      - Accept-Encoding
      Via:
      - 1.1 varnish, 1.1 varnish
      X-Cache:
      - MISS, MISS
      X-Cache-Hits:
      - 0, 0
      X-Served-By:
      - cache-control-slwdc9036-CONTROL-SLWDC, cache-den8267-DEN
      X-Timer:
      - S1611788210.714626,VS0,VE147
    status: 404 Not Found
    code: 404
    duration: ""
- request:
    body: ""
    form: {}
    headers:
      User-Agent:
      - FastlyGo/3.0.0 (+github.com/fastly/go-fastly; go1.15.2)
    url: https://api.fastly.com/service/7i6HN3TK9wS159v2gPAZ8A/version/118/logging/azureblob/test-blobstorage-2
    method: DELETE
  response:
    body: '{"status":"ok"}'
    headers:
      Accept-Ranges:
      - bytes
      Cache-Control:
      - no-cache
      Content-Type:
      - application/json
      Date:
      - Wed, 27 Jan 2021 22:56:50 GMT
      Fastly-Ratelimit-Remaining:
      - "990"
      Fastly-Ratelimit-Reset:
      - "1611788400"
      Status:
      - 200 OK
      Strict-Transport-Security:
      - max-age=31536000
      Vary:
      - Accept-Encoding
      Via:
      - 1.1 varnish, 1.1 varnish
      X-Cache:
      - MISS, MISS
      X-Cache-Hits:
      - 0, 0
      X-Served-By:
      - cache-control-slwdc9037-CONTROL-SLWDC, cache-den8267-DEN
      X-Timer:
      - S1611788210.874908,VS0,VE242
    status: 200 OK
    code: 200
    duration: ""
- request:
    body: ""
    form: {}
    headers:
      User-Agent:
      - FastlyGo/3.0.0 (+github.com/fastly/go-fastly; go1.15.2)
    url: https://api.fastly.com/service/7i6HN3TK9wS159v2gPAZ8A/version/118/logging/azureblob/test-blobstorage-3
    method: DELETE
  response:
    body: '{"status":"ok"}'
    headers:
      Accept-Ranges:
      - bytes
      Cache-Control:
      - no-cache
      Content-Type:
      - application/json
      Date:
      - Wed, 27 Jan 2021 22:56:50 GMT
      Fastly-Ratelimit-Remaining:
      - "989"
      Fastly-Ratelimit-Reset:
      - "1611788400"
      Status:
      - 200 OK
      Strict-Transport-Security:
      - max-age=31536000
      Vary:
      - Accept-Encoding
      Via:
      - 1.1 varnish, 1.1 varnish
      X-Cache:
      - MISS, MISS
      X-Cache-Hits:
      - 0, 0
      X-Served-By:
      - cache-control-slwdc9036-CONTROL-SLWDC, cache-den8267-DEN
      X-Timer:
      - S1611788210.130171,VS0,VE235
    status: 200 OK
    code: 200
    duration: ""
- request:
    body: ""
    form: {}
    headers:
      User-Agent:
      - FastlyGo/3.0.0 (+github.com/fastly/go-fastly; go1.15.2)
    url: https://api.fastly.com/service/7i6HN3TK9wS159v2gPAZ8A/version/118/logging/azureblob/new-test-blobstorage
    method: DELETE
  response:
    body: '{"msg":"Record not found","detail":"Couldn''t find syslog ''{ deleted =\u003e
      0000-00-00 00:00:00, name =\u003e new-test-blobstorage, service =\u003e 7i6HN3TK9wS159v2gPAZ8A,
      version =\u003e 118 }''"}'
    headers:
      Accept-Ranges:
      - bytes
      Cache-Control:
      - no-cache
      Content-Type:
      - application/json
      Date:
      - Wed, 27 Jan 2021 22:56:50 GMT
      Fastly-Ratelimit-Remaining:
      - "988"
      Fastly-Ratelimit-Reset:
      - "1611788400"
      Status:
      - 404 Not Found
      Strict-Transport-Security:
      - max-age=31536000
      Vary:
      - Accept-Encoding
      Via:
      - 1.1 varnish, 1.1 varnish
      X-Cache:
      - MISS, MISS
      X-Cache-Hits:
      - 0, 0
      X-Served-By:
      - cache-control-slwdc9035-CONTROL-SLWDC, cache-den8267-DEN
      X-Timer:
      - S1611788210.378950,VS0,VE136
    status: 404 Not Found
    code: 404
    duration: ""
