---
version: 1
interactions:
- request:
    body: ""
    form: {}
    headers:
      User-Agent:
      - FastlyGo/6.8.0 (+github.com/fastly/go-fastly; go1.16.15)
    url: https://api.fastly.com/service/7i6HN3TK9wS159v2gPAZ8A/version/43/logging/azureblob/test-blobstorage
    method: DELETE
  response:
    body: '{"msg":"Record not found","detail":"Couldn''t find syslog ''{ deleted =\u003e
      0000-00-00 00:00:00, name =\u003e test-blobstorage, service =\u003e 7i6HN3TK9wS159v2gPAZ8A,
      version =\u003e 43 }''"}'
    headers:
      Accept-Ranges:
      - bytes
      Cache-Control:
      - no-store
      Content-Type:
      - application/json
      Date:
      - Fri, 04 Nov 2022 13:22:36 GMT
      Fastly-Ratelimit-Remaining:
      - "9990"
      Fastly-Ratelimit-Reset:
      - "1667570400"
      Status:
      - 404 Not Found
      Strict-Transport-Security:
      - max-age=31536000
      Vary:
      - Accept-Encoding
      Via:
      - 1.1 varnish, 1.1 varnish
      X-Cache:
      - MISS, MISS
      X-Cache-Hits:
      - 0, 0
      X-Served-By:
      - cache-control-cp-aws-us-east-1-prod-5-CONTROL-AWS, cache-man4131-MAN
      X-Timer:
      - S1667568157.646279,VS0,VE150
    status: 404 Not Found
    code: 404
    duration: ""
- request:
    body: ""
    form: {}
    headers:
      User-Agent:
      - FastlyGo/6.8.0 (+github.com/fastly/go-fastly; go1.16.15)
    url: https://api.fastly.com/service/7i6HN3TK9wS159v2gPAZ8A/version/43/logging/azureblob/test-blobstorage-2
    method: DELETE
  response:
    body: '{"status":"ok"}'
    headers:
      Accept-Ranges:
      - bytes
      Cache-Control:
      - no-store
      Content-Type:
      - application/json
      Date:
      - Fri, 04 Nov 2022 13:22:37 GMT
      Fastly-Ratelimit-Remaining:
      - "9989"
      Fastly-Ratelimit-Reset:
      - "1667570400"
      Status:
      - 200 OK
      Strict-Transport-Security:
      - max-age=31536000
      Vary:
      - Accept-Encoding
      Via:
      - 1.1 varnish, 1.1 varnish
      X-Cache:
      - MISS, MISS
      X-Cache-Hits:
      - 0, 0
      X-Served-By:
      - cache-control-cp-aws-us-east-1-prod-1-CONTROL-AWS, cache-man4131-MAN
      X-Timer:
      - S1667568157.820362,VS0,VE213
    status: 200 OK
    code: 200
    duration: ""
- request:
    body: ""
    form: {}
    headers:
      User-Agent:
      - FastlyGo/6.8.0 (+github.com/fastly/go-fastly; go1.16.15)
    url: https://api.fastly.com/service/7i6HN3TK9wS159v2gPAZ8A/version/43/logging/azureblob/test-blobstorage-3
    method: DELETE
  response:
    body: '{"status":"ok"}'
    headers:
      Accept-Ranges:
      - bytes
      Cache-Control:
      - no-store
      Content-Type:
      - application/json
      Date:
      - Fri, 04 Nov 2022 13:22:37 GMT
      Fastly-Ratelimit-Remaining:
      - "9988"
      Fastly-Ratelimit-Reset:
      - "1667570400"
      Status:
      - 200 OK
      Strict-Transport-Security:
      - max-age=31536000
      Vary:
      - Accept-Encoding
      Via:
      - 1.1 varnish, 1.1 varnish
      X-Cache:
      - MISS, MISS
      X-Cache-Hits:
      - 0, 0
      X-Served-By:
      - cache-control-cp-aws-us-east-1-prod-1-CONTROL-AWS, cache-man4131-MAN
      X-Timer:
      - S1667568157.129396,VS0,VE218
    status: 200 OK
    code: 200
    duration: ""
- request:
    body: ""
    form: {}
    headers:
      User-Agent:
      - FastlyGo/6.8.0 (+github.com/fastly/go-fastly; go1.16.15)
    url: https://api.fastly.com/service/7i6HN3TK9wS159v2gPAZ8A/version/43/logging/azureblob/new-test-blobstorage
    method: DELETE
  response:
    body: '{"msg":"Record not found","detail":"Couldn''t find syslog ''{ deleted =\u003e
      0000-00-00 00:00:00, name =\u003e new-test-blobstorage, service =\u003e 7i6HN3TK9wS159v2gPAZ8A,
      version =\u003e 43 }''"}'
    headers:
      Accept-Ranges:
      - bytes
      Cache-Control:
      - no-store
      Content-Type:
      - application/json
      Date:
      - Fri, 04 Nov 2022 13:22:37 GMT
      Fastly-Ratelimit-Remaining:
      - "9987"
      Fastly-Ratelimit-Reset:
      - "1667570400"
      Status:
      - 404 Not Found
      Strict-Transport-Security:
      - max-age=31536000
      Vary:
      - Accept-Encoding
      Via:
      - 1.1 varnish, 1.1 varnish
      X-Cache:
      - MISS, MISS
      X-Cache-Hits:
      - 0, 0
      X-Served-By:
      - cache-control-cp-aws-us-east-1-prod-7-CONTROL-AWS, cache-man4131-MAN
      X-Timer:
      - S1667568157.371704,VS0,VE150
    status: 404 Not Found
    code: 404
    duration: ""
