---
version: 1
interactions:
- request:
    body: ""
    form: {}
    headers:
      User-Agent:
      - FastlyGo/6.3.1 (+github.com/fastly/go-fastly; go1.16)
    url: https://api.fastly.com/service/7i6HN3TK9wS159v2gPAZ8A/version/108/director/test-director/backend/test-backend
    method: DELETE
  response:
    body: '{"msg":"Record not found","detail":"Couldn''t find DirectorBackend ''{
      backend =\u003e test-backend, deleted =\u003e 0000-00-00 00:00:00, director
      =\u003e test-director, service =\u003e 7i6HN3TK9wS159v2gPAZ8A, version =\u003e
      108 }''"}'
    headers:
      Accept-Ranges:
      - bytes
      Cache-Control:
      - no-store
      Content-Type:
      - application/json
      Date:
      - Wed, 27 Apr 2022 11:03:46 GMT
      Fastly-Ratelimit-Remaining:
      - "4993"
      Fastly-Ratelimit-Reset:
      - "1651060800"
      Status:
      - 404 Not Found
      Strict-Transport-Security:
      - max-age=31536000
      Vary:
      - Accept-Encoding
      Via:
      - 1.1 varnish, 1.1 varnish
      X-Cache:
      - MISS, MISS
      X-Cache-Hits:
      - 0, 0
      X-Served-By:
      - cache-control-slwdc9035-CONTROL-SLWDC, cache-man4122-MAN
      X-Timer:
      - S1651057427.740035,VS0,VE193
    status: 404 Not Found
    code: 404
    duration: ""
- request:
    body: ""
    form: {}
    headers:
      User-Agent:
      - FastlyGo/6.3.1 (+github.com/fastly/go-fastly; go1.16)
    url: https://api.fastly.com/service/7i6HN3TK9wS159v2gPAZ8A/version/108/backend/test-backend
    method: DELETE
  response:
    body: '{"status":"ok"}'
    headers:
      Accept-Ranges:
      - bytes
      Cache-Control:
      - no-store
      Content-Type:
      - application/json
      Date:
      - Wed, 27 Apr 2022 11:03:47 GMT
      Fastly-Ratelimit-Remaining:
      - "4992"
      Fastly-Ratelimit-Reset:
      - "1651060800"
      Status:
      - 200 OK
      Strict-Transport-Security:
      - max-age=31536000
      Vary:
      - Accept-Encoding
      Via:
      - 1.1 varnish, 1.1 varnish
      X-Cache:
      - MISS, MISS
      X-Cache-Hits:
      - 0, 0
      X-Served-By:
      - cache-control-slwdc9037-CONTROL-SLWDC, cache-man4122-MAN
      X-Timer:
      - S1651057427.966642,VS0,VE386
    status: 200 OK
    code: 200
    duration: ""
- request:
    body: ""
    form: {}
    headers:
      User-Agent:
      - FastlyGo/6.3.1 (+github.com/fastly/go-fastly; go1.16)
    url: https://api.fastly.com/service/7i6HN3TK9wS159v2gPAZ8A/version/108/director/test-director
    method: DELETE
  response:
    body: '{"msg":"Record not found","detail":"Couldn''t find Director ''{ deleted
      =\u003e 0000-00-00 00:00:00, name =\u003e test-director, service =\u003e 7i6HN3TK9wS159v2gPAZ8A,
      version =\u003e 108 }''"}'
    headers:
      Accept-Ranges:
      - bytes
      Cache-Control:
      - no-store
      Content-Type:
      - application/json
      Date:
      - Wed, 27 Apr 2022 11:03:47 GMT
      Fastly-Ratelimit-Remaining:
      - "4991"
      Fastly-Ratelimit-Reset:
      - "1651060800"
      Status:
      - 404 Not Found
      Strict-Transport-Security:
      - max-age=31536000
      Vary:
      - Accept-Encoding
      Via:
      - 1.1 varnish, 1.1 varnish
      X-Cache:
      - MISS, MISS
      X-Cache-Hits:
      - 0, 0
      X-Served-By:
      - cache-control-slwdc9037-CONTROL-SLWDC, cache-man4122-MAN
      X-Timer:
      - S1651057427.384248,VS0,VE156
    status: 404 Not Found
    code: 404
    duration: ""
- request:
    body: ""
    form: {}
    headers:
      User-Agent:
      - FastlyGo/6.3.1 (+github.com/fastly/go-fastly; go1.16)
    url: https://api.fastly.com/service/7i6HN3TK9wS159v2gPAZ8A/version/108/director/new-test-director
    method: DELETE
  response:
    body: '{"msg":"Record not found","detail":"Couldn''t find Director ''{ deleted
      =\u003e 0000-00-00 00:00:00, name =\u003e new-test-director, service =\u003e
      7i6HN3TK9wS159v2gPAZ8A, version =\u003e 108 }''"}'
    headers:
      Accept-Ranges:
      - bytes
      Cache-Control:
      - no-store
      Content-Type:
      - application/json
      Date:
      - Wed, 27 Apr 2022 11:03:47 GMT
      Fastly-Ratelimit-Remaining:
      - "4990"
      Fastly-Ratelimit-Reset:
      - "1651060800"
      Status:
      - 404 Not Found
      Strict-Transport-Security:
      - max-age=31536000
      Vary:
      - Accept-Encoding
      Via:
      - 1.1 varnish, 1.1 varnish
      X-Cache:
      - MISS, MISS
      X-Cache-Hits:
      - 0, 0
      X-Served-By:
      - cache-control-slwdc9036-CONTROL-SLWDC, cache-man4122-MAN
      X-Timer:
      - S1651057428.570029,VS0,VE157
    status: 404 Not Found
    code: 404
    duration: ""
