---
version: 1
interactions:
- request:
    body: ""
    form: {}
    headers:
      User-Agent:
      - FastlyGo/11.1.1 (+github.com/fastly/go-fastly; go1.24.5)
    url: https://api.fastly.com/service/kKJb5bOFI47uHeBVluGfX1/version/185/logging/https/test-https
    method: DELETE
  response:
    body: '{"msg":"Record not found","detail":"Couldn''t find syslog ''{ deleted =\u003e
      0000-00-00 00:00:00, name =\u003e test-https, service =\u003e kKJb5bOFI47uHeBVluGfX1,
      version =\u003e 185 }''"}'
    headers:
      Accept-Ranges:
      - bytes
      Cache-Control:
      - no-store
      Content-Type:
      - application/json
      Date:
      - Mon, 11 Aug 2025 21:40:27 GMT
      Fastly-Ratelimit-Remaining:
      - "992"
      Fastly-Ratelimit-Reset:
      - "1754949600"
      Pragma:
      - no-cache
      Server:
      - fastly
      Status:
      - 404 Not Found
      Strict-Transport-Security:
      - max-age=31536000
      Vary:
      - Accept-Encoding
      Via:
      - 1.1 varnish, 1.1 varnish
      X-Cache:
      - MISS, MISS
      X-Cache-Hits:
      - 0, 0
      X-Served-By:
      - cache-chi-klot8100067-CHI, cache-bos4676-BOS
      X-Timer:
      - S1754948428.649096,VS0,VE130
    status: 404 Not Found
    code: 404
    duration: ""
- request:
    body: ""
    form: {}
    headers:
      User-Agent:
      - FastlyGo/11.1.1 (+github.com/fastly/go-fastly; go1.24.5)
    url: https://api.fastly.com/service/kKJb5bOFI47uHeBVluGfX1/version/185/logging/https/new-test-https
    method: DELETE
  response:
    body: '{"msg":"Record not found","detail":"Couldn''t find syslog ''{ deleted =\u003e
      0000-00-00 00:00:00, name =\u003e new-test-https, service =\u003e kKJb5bOFI47uHeBVluGfX1,
      version =\u003e 185 }''"}'
    headers:
      Accept-Ranges:
      - bytes
      Cache-Control:
      - no-store
      Content-Type:
      - application/json
      Date:
      - Mon, 11 Aug 2025 21:40:27 GMT
      Fastly-Ratelimit-Remaining:
      - "991"
      Fastly-Ratelimit-Reset:
      - "1754949600"
      Pragma:
      - no-cache
      Server:
      - fastly
      Status:
      - 404 Not Found
      Strict-Transport-Security:
      - max-age=31536000
      Vary:
      - Accept-Encoding
      Via:
      - 1.1 varnish, 1.1 varnish
      X-Cache:
      - MISS, MISS
      X-Cache-Hits:
      - 0, 0
      X-Served-By:
      - cache-chi-kigq8000177-CHI, cache-bos4676-BOS
      X-Timer:
      - S1754948428.802444,VS0,VE162
    status: 404 Not Found
    code: 404
    duration: ""
- request:
    body: ""
    form: {}
    headers:
      User-Agent:
      - FastlyGo/11.1.1 (+github.com/fastly/go-fastly; go1.24.5)
    url: https://api.fastly.com/service/kKJb5bOFI47uHeBVluGfX1/version/185/logging/https/test-https-2
    method: DELETE
  response:
    body: '{"status":"ok"}'
    headers:
      Accept-Ranges:
      - bytes
      Cache-Control:
      - no-store
      Content-Type:
      - application/json
      Date:
      - Mon, 11 Aug 2025 21:40:28 GMT
      Fastly-Ratelimit-Remaining:
      - "990"
      Fastly-Ratelimit-Reset:
      - "1754949600"
      Pragma:
      - no-cache
      Server:
      - fastly
      Status:
      - 200 OK
      Strict-Transport-Security:
      - max-age=31536000
      Vary:
      - Accept-Encoding
      Via:
      - 1.1 varnish, 1.1 varnish
      X-Cache:
      - MISS, MISS
      X-Cache-Hits:
      - 0, 0
      X-Served-By:
      - cache-chi-kigq8000065-CHI, cache-bos4676-BOS
      X-Timer:
      - S1754948428.987920,VS0,VE272
    status: 200 OK
    code: 200
    duration: ""
- request:
    body: ""
    form: {}
    headers:
      User-Agent:
      - FastlyGo/11.1.1 (+github.com/fastly/go-fastly; go1.24.5)
    url: https://api.fastly.com/service/kKJb5bOFI47uHeBVluGfX1/version/185/logging/https/test-https-3
    method: DELETE
  response:
    body: '{"status":"ok"}'
    headers:
      Accept-Ranges:
      - bytes
      Cache-Control:
      - no-store
      Content-Type:
      - application/json
      Date:
      - Mon, 11 Aug 2025 21:40:28 GMT
      Fastly-Ratelimit-Remaining:
      - "989"
      Fastly-Ratelimit-Reset:
      - "1754949600"
      Pragma:
      - no-cache
      Server:
      - fastly
      Status:
      - 200 OK
      Strict-Transport-Security:
      - max-age=31536000
      Vary:
      - Accept-Encoding
      Via:
      - 1.1 varnish, 1.1 varnish
      X-Cache:
      - MISS, MISS
      X-Cache-Hits:
      - 0, 0
      X-Served-By:
      - cache-chi-klot8100106-CHI, cache-bos4676-BOS
      X-Timer:
      - S1754948428.282602,VS0,VE309
    status: 200 OK
    code: 200
    duration: ""
