---
version: 1
interactions:
- request:
    body: ""
    form: {}
    headers:
      User-Agent:
      - FastlyGo/9.13.1 (+github.com/fastly/go-fastly; go1.24.0)
    url: https://api.fastly.com/resources/stores/kv/96kudketjdkdp0k5ya8nvb/keys?consistency=eventual
    method: GET
  response:
    body: '{"data":["apple","banana","batch-1","batch-2","carrot","dragonfruit","eggplant"],"meta":{"limit":1000,"consistency":"eventual"}}'
    headers:
      Accept-Ranges:
      - bytes
      Age:
      - "2"
      Cache-Control:
      - no-store
      Content-Type:
      - application/json
      Date:
      - Tue, 04 Mar 2025 15:41:26 GMT
      Pragma:
      - no-cache
      Server:
      - fastly
      Strict-Transport-Security:
      - max-age=31536000
      Via:
      - 1.1 varnish
      X-Cache:
      - MISS, MISS
      X-Cache-Hits:
      - 0, 0
      X-Served-By:
      - cache-nyc-kteb1890097-NYC, cache-nyc-kteb1890089-NYC
      X-Timer:
      - S1741102886.203858,VS0,VE151
    status: 200 OK
    code: 200
    duration: ""
- request:
    body: ""
    form: {}
    headers:
      User-Agent:
      - FastlyGo/9.13.1 (+github.com/fastly/go-fastly; go1.24.0)
    url: https://api.fastly.com/resources/stores/kv/96kudketjdkdp0k5ya8nvb/keys/apple
    method: DELETE
  response:
    body: ""
    headers:
      Accept-Ranges:
      - bytes
      Cache-Control:
      - no-store
      Date:
      - Tue, 04 Mar 2025 15:41:26 GMT
      Pragma:
      - no-cache
      Server:
      - fastly
      Strict-Transport-Security:
      - max-age=31536000
      Via:
      - 1.1 varnish
      X-Cache:
      - MISS, MISS
      X-Cache-Hits:
      - 0, 0
      X-Served-By:
      - cache-nyc-kteb1890089-NYC, cache-nyc-kteb1890089-NYC
      X-Timer:
      - S1741102886.360497,VS0,VE158
    status: 204 No Content
    code: 204
    duration: ""
- request:
    body: ""
    form: {}
    headers:
      User-Agent:
      - FastlyGo/9.13.1 (+github.com/fastly/go-fastly; go1.24.0)
    url: https://api.fastly.com/resources/stores/kv/96kudketjdkdp0k5ya8nvb/keys/banana
    method: DELETE
  response:
    body: ""
    headers:
      Accept-Ranges:
      - bytes
      Cache-Control:
      - no-store
      Date:
      - Tue, 04 Mar 2025 15:41:26 GMT
      Pragma:
      - no-cache
      Server:
      - fastly
      Strict-Transport-Security:
      - max-age=31536000
      Via:
      - 1.1 varnish
      X-Cache:
      - MISS, MISS
      X-Cache-Hits:
      - 0, 0
      X-Served-By:
      - cache-nyc-kteb1890089-NYC, cache-nyc-kteb1890089-NYC
      X-Timer:
      - S1741102887.521479,VS0,VE153
    status: 204 No Content
    code: 204
    duration: ""
- request:
    body: ""
    form: {}
    headers:
      User-Agent:
      - FastlyGo/9.13.1 (+github.com/fastly/go-fastly; go1.24.0)
    url: https://api.fastly.com/resources/stores/kv/96kudketjdkdp0k5ya8nvb/keys/batch-1
    method: DELETE
  response:
    body: ""
    headers:
      Accept-Ranges:
      - bytes
      Cache-Control:
      - no-store
      Date:
      - Tue, 04 Mar 2025 15:41:27 GMT
      Pragma:
      - no-cache
      Server:
      - fastly
      Strict-Transport-Security:
      - max-age=31536000
      Via:
      - 1.1 varnish
      X-Cache:
      - MISS, MISS
      X-Cache-Hits:
      - 0, 0
      X-Served-By:
      - cache-nyc-kteb1890089-NYC, cache-nyc-kteb1890089-NYC
      X-Timer:
      - S1741102887.681534,VS0,VE517
    status: 204 No Content
    code: 204
    duration: ""
- request:
    body: ""
    form: {}
    headers:
      User-Agent:
      - FastlyGo/9.13.1 (+github.com/fastly/go-fastly; go1.24.0)
    url: https://api.fastly.com/resources/stores/kv/96kudketjdkdp0k5ya8nvb/keys/batch-2
    method: DELETE
  response:
    body: ""
    headers:
      Accept-Ranges:
      - bytes
      Cache-Control:
      - no-store
      Date:
      - Tue, 04 Mar 2025 15:41:27 GMT
      Pragma:
      - no-cache
      Server:
      - fastly
      Strict-Transport-Security:
      - max-age=31536000
      Via:
      - 1.1 varnish
      X-Cache:
      - MISS, MISS
      X-Cache-Hits:
      - 0, 0
      X-Served-By:
      - cache-nyc-kteb1890089-NYC, cache-nyc-kteb1890089-NYC
      X-Timer:
      - S1741102887.203111,VS0,VE670
    status: 204 No Content
    code: 204
    duration: ""
- request:
    body: ""
    form: {}
    headers:
      User-Agent:
      - FastlyGo/9.13.1 (+github.com/fastly/go-fastly; go1.24.0)
    url: https://api.fastly.com/resources/stores/kv/96kudketjdkdp0k5ya8nvb/keys/carrot
    method: DELETE
  response:
    body: ""
    headers:
      Accept-Ranges:
      - bytes
      Cache-Control:
      - no-store
      Date:
      - Tue, 04 Mar 2025 15:41:28 GMT
      Pragma:
      - no-cache
      Server:
      - fastly
      Strict-Transport-Security:
      - max-age=31536000
      Via:
      - 1.1 varnish
      X-Cache:
      - MISS, MISS
      X-Cache-Hits:
      - 0, 0
      X-Served-By:
      - cache-nyc-kteb1890089-NYC, cache-nyc-kteb1890089-NYC
      X-Timer:
      - S1741102888.876750,VS0,VE148
    status: 204 No Content
    code: 204
    duration: ""
- request:
    body: ""
    form: {}
    headers:
      User-Agent:
      - FastlyGo/9.13.1 (+github.com/fastly/go-fastly; go1.24.0)
    url: https://api.fastly.com/resources/stores/kv/96kudketjdkdp0k5ya8nvb/keys/dragonfruit
    method: DELETE
  response:
    body: ""
    headers:
      Accept-Ranges:
      - bytes
      Cache-Control:
      - no-store
      Date:
      - Tue, 04 Mar 2025 15:41:28 GMT
      Pragma:
      - no-cache
      Server:
      - fastly
      Strict-Transport-Security:
      - max-age=31536000
      Via:
      - 1.1 varnish
      X-Cache:
      - MISS, MISS
      X-Cache-Hits:
      - 0, 0
      X-Served-By:
      - cache-nyc-kteb1890089-NYC, cache-nyc-kteb1890089-NYC
      X-Timer:
      - S1741102888.029729,VS0,VE144
    status: 204 No Content
    code: 204
    duration: ""
- request:
    body: ""
    form: {}
    headers:
      User-Agent:
      - FastlyGo/9.13.1 (+github.com/fastly/go-fastly; go1.24.0)
    url: https://api.fastly.com/resources/stores/kv/96kudketjdkdp0k5ya8nvb/keys/eggplant
    method: DELETE
  response:
    body: ""
    headers:
      Accept-Ranges:
      - bytes
      Cache-Control:
      - no-store
      Date:
      - Tue, 04 Mar 2025 15:41:28 GMT
      Pragma:
      - no-cache
      Server:
      - fastly
      Strict-Transport-Security:
      - max-age=31536000
      Via:
      - 1.1 varnish
      X-Cache:
      - MISS, MISS
      X-Cache-Hits:
      - 0, 0
      X-Served-By:
      - cache-nyc-kteb1890089-NYC, cache-nyc-kteb1890089-NYC
      X-Timer:
      - S1741102888.180101,VS0,VE145
    status: 204 No Content
    code: 204
    duration: ""
- request:
    body: ""
    form: {}
    headers:
      User-Agent:
      - FastlyGo/9.13.1 (+github.com/fastly/go-fastly; go1.24.0)
    url: https://api.fastly.com/resources/stores/kv/96kudketjdkdp0k5ya8nvb
    method: DELETE
  response:
    body: ""
    headers:
      Accept-Ranges:
      - bytes
      Cache-Control:
      - no-store
      Date:
      - Tue, 04 Mar 2025 15:41:28 GMT
      Pragma:
      - no-cache
      Server:
      - fastly
      Strict-Transport-Security:
      - max-age=31536000
      Via:
      - 1.1 varnish
      X-Cache:
      - MISS, MISS
      X-Cache-Hits:
      - 0, 0
      X-Served-By:
      - cache-nyc-kteb1890089-NYC, cache-nyc-kteb1890089-NYC
      X-Timer:
      - S1741102888.328991,VS0,VE258
    status: 204 No Content
    code: 204
    duration: ""
