---
version: 1
interactions:
- request:
    body: ""
    form: {}
    headers:
      User-Agent:
      - FastlyGo/8.0.3 (+github.com/fastly/go-fastly; go1.18.5)
    url: https://api.fastly.com/resources/stores/kv/yvineawuxczxih2d54jsje/keys
    method: GET
  response:
    body: '{"data":["apple","banana","batch-1","batch-2","carrot","dragonfruit","eggplant"],"meta":{"limit":1000}}'
    headers:
      Accept-Ranges:
      - bytes
      Content-Type:
      - application/json
      Date:
      - Wed, 10 May 2023 12:12:22 GMT
      Strict-Transport-Security:
      - max-age=31536000
      Via:
      - 1.1 varnish
      X-Cache:
      - MISS
      X-Cache-Hits:
      - "0"
      X-Served-By:
      - cache-lhr7365-LHR, cache-lhr7365-LHR
      X-Timer:
      - S1683720742.929949,VS0,VE198
    status: 200 OK
    code: 200
    duration: ""
- request:
    body: ""
    form: {}
    headers:
      User-Agent:
      - FastlyGo/8.0.3 (+github.com/fastly/go-fastly; go1.18.5)
    url: https://api.fastly.com/resources/stores/kv/yvineawuxczxih2d54jsje/keys/apple
    method: DELETE
  response:
    body: ""
    headers:
      Accept-Ranges:
      - bytes
      Date:
      - Wed, 10 May 2023 12:12:22 GMT
      Strict-Transport-Security:
      - max-age=31536000
      Via:
      - 1.1 varnish
      X-Cache:
      - MISS, MISS
      X-Cache-Hits:
      - "0"
      X-Served-By:
      - cache-lhr7365-LHR, cache-lhr7365-LHR
      X-Timer:
      - S1683720742.152083,VS0,VE185
    status: 204 No Content
    code: 204
    duration: ""
- request:
    body: ""
    form: {}
    headers:
      User-Agent:
      - FastlyGo/8.0.3 (+github.com/fastly/go-fastly; go1.18.5)
    url: https://api.fastly.com/resources/stores/kv/yvineawuxczxih2d54jsje/keys/banana
    method: DELETE
  response:
    body: ""
    headers:
      Accept-Ranges:
      - bytes
      Date:
      - Wed, 10 May 2023 12:12:22 GMT
      Strict-Transport-Security:
      - max-age=31536000
      Via:
      - 1.1 varnish
      X-Cache:
      - MISS, MISS
      X-Cache-Hits:
      - "0"
      X-Served-By:
      - cache-lhr7365-LHR, cache-lhr7365-LHR
      X-Timer:
      - S1683720742.367456,VS0,VE188
    status: 204 No Content
    code: 204
    duration: ""
- request:
    body: ""
    form: {}
    headers:
      User-Agent:
      - FastlyGo/8.0.3 (+github.com/fastly/go-fastly; go1.18.5)
    url: https://api.fastly.com/resources/stores/kv/yvineawuxczxih2d54jsje/keys/batch-1
    method: DELETE
  response:
    body: ""
    headers:
      Accept-Ranges:
      - bytes
      Date:
      - Wed, 10 May 2023 12:12:22 GMT
      Strict-Transport-Security:
      - max-age=31536000
      Via:
      - 1.1 varnish
      X-Cache:
      - MISS, MISS
      X-Cache-Hits:
      - "0"
      X-Served-By:
      - cache-lhr7365-LHR, cache-lhr7365-LHR
      X-Timer:
      - S1683720743.591727,VS0,VE181
    status: 204 No Content
    code: 204
    duration: ""
- request:
    body: ""
    form: {}
    headers:
      User-Agent:
      - FastlyGo/8.0.3 (+github.com/fastly/go-fastly; go1.18.5)
    url: https://api.fastly.com/resources/stores/kv/yvineawuxczxih2d54jsje/keys/batch-2
    method: DELETE
  response:
    body: ""
    headers:
      Accept-Ranges:
      - bytes
      Date:
      - Wed, 10 May 2023 12:12:22 GMT
      Strict-Transport-Security:
      - max-age=31536000
      Via:
      - 1.1 varnish
      X-Cache:
      - MISS, MISS
      X-Cache-Hits:
      - "0"
      X-Served-By:
      - cache-lhr7365-LHR, cache-lhr7365-LHR
      X-Timer:
      - S1683720743.803234,VS0,VE190
    status: 204 No Content
    code: 204
    duration: ""
- request:
    body: ""
    form: {}
    headers:
      User-Agent:
      - FastlyGo/8.0.3 (+github.com/fastly/go-fastly; go1.18.5)
    url: https://api.fastly.com/resources/stores/kv/yvineawuxczxih2d54jsje/keys/carrot
    method: DELETE
  response:
    body: ""
    headers:
      Accept-Ranges:
      - bytes
      Date:
      - Wed, 10 May 2023 12:12:23 GMT
      Strict-Transport-Security:
      - max-age=31536000
      Via:
      - 1.1 varnish
      X-Cache:
      - MISS, MISS
      X-Cache-Hits:
      - "0"
      X-Served-By:
      - cache-lhr7365-LHR, cache-lhr7365-LHR
      X-Timer:
      - S1683720743.018149,VS0,VE192
    status: 204 No Content
    code: 204
    duration: ""
- request:
    body: ""
    form: {}
    headers:
      User-Agent:
      - FastlyGo/8.0.3 (+github.com/fastly/go-fastly; go1.18.5)
    url: https://api.fastly.com/resources/stores/kv/yvineawuxczxih2d54jsje/keys/dragonfruit
    method: DELETE
  response:
    body: ""
    headers:
      Accept-Ranges:
      - bytes
      Date:
      - Wed, 10 May 2023 12:12:23 GMT
      Strict-Transport-Security:
      - max-age=31536000
      Via:
      - 1.1 varnish
      X-Cache:
      - MISS, MISS
      X-Cache-Hits:
      - "0"
      X-Served-By:
      - cache-lhr7365-LHR, cache-lhr7365-LHR
      X-Timer:
      - S1683720743.233186,VS0,VE184
    status: 204 No Content
    code: 204
    duration: ""
- request:
    body: ""
    form: {}
    headers:
      User-Agent:
      - FastlyGo/8.0.3 (+github.com/fastly/go-fastly; go1.18.5)
    url: https://api.fastly.com/resources/stores/kv/yvineawuxczxih2d54jsje/keys/eggplant
    method: DELETE
  response:
    body: ""
    headers:
      Accept-Ranges:
      - bytes
      Date:
      - Wed, 10 May 2023 12:12:23 GMT
      Strict-Transport-Security:
      - max-age=31536000
      Via:
      - 1.1 varnish
      X-Cache:
      - MISS, MISS
      X-Cache-Hits:
      - "0"
      X-Served-By:
      - cache-lhr7365-LHR, cache-lhr7365-LHR
      X-Timer:
      - S1683720743.449694,VS0,VE196
    status: 204 No Content
    code: 204
    duration: ""
- request:
    body: ""
    form: {}
    headers:
      User-Agent:
      - FastlyGo/8.0.3 (+github.com/fastly/go-fastly; go1.18.5)
    url: https://api.fastly.com/resources/stores/kv/yvineawuxczxih2d54jsje
    method: DELETE
  response:
    body: ""
    headers:
      Accept-Ranges:
      - bytes
      Date:
      - Wed, 10 May 2023 12:12:24 GMT
      Strict-Transport-Security:
      - max-age=31536000
      Via:
      - 1.1 varnish
      X-Cache:
      - MISS, MISS
      X-Cache-Hits:
      - "0"
      X-Served-By:
      - cache-lhr7365-LHR, cache-lhr7365-LHR
      X-Timer:
      - S1683720744.674525,VS0,VE842
    status: 204 No Content
    code: 204
    duration: ""
