---
version: 1
interactions:
- request:
    body: '{"name":"TestClient_CreateKVStoresWithLocations_US"}'
    form: {}
    headers:
      Accept:
      - application/json
      Content-Type:
      - application/json
      User-Agent:
      - FastlyGo/9.3.1 (+github.com/fastly/go-fastly; go1.22.2)
    url: https://api.fastly.com/resources/stores/kv?location=US
    method: POST
  response:
    body: '{"id":"l0jnr80jyl0fpils4dqzvh","name":"TestClient_CreateKVStoresWithLocations_US","created_at":"2024-04-17
      14:02:22","updated_at":"2024-04-17 14:02:22"}'
    headers:
      Accept-Ranges:
      - bytes
      Cache-Control:
      - no-store
      Content-Type:
      - application/json
      Date:
      - Wed, 17 Apr 2024 14:02:22 GMT
      Pragma:
      - no-cache
      Strict-Transport-Security:
      - max-age=31536000
      Via:
      - 1.1 varnish
      X-Cache:
      - MISS, MISS
      X-Cache-Hits:
      - 0, 0
      X-Served-By:
      - cache-nrt-rjtf7700063-NRT, cache-nrt-rjtf7700063-NRT
      X-Timer:
      - S1713362539.805337,VS0,VE3987
    status: 201 Created
    code: 201
    duration: ""
- request:
    body: '{"name":"TestClient_CreateKVStoresWithLocations_EU"}'
    form: {}
    headers:
      Accept:
      - application/json
      Content-Type:
      - application/json
      User-Agent:
      - FastlyGo/9.3.1 (+github.com/fastly/go-fastly; go1.22.2)
    url: https://api.fastly.com/resources/stores/kv?location=EU
    method: POST
  response:
    body: '{"id":"j637x7hrx3paj1qysky7cl","name":"TestClient_CreateKVStoresWithLocations_EU","created_at":"2024-04-17
      14:02:27","updated_at":"2024-04-17 14:02:27"}'
    headers:
      Accept-Ranges:
      - bytes
      Cache-Control:
      - no-store
      Content-Type:
      - application/json
      Date:
      - Wed, 17 Apr 2024 14:02:27 GMT
      Pragma:
      - no-cache
      Strict-Transport-Security:
      - max-age=31536000
      Via:
      - 1.1 varnish
      X-Cache:
      - MISS, MISS
      X-Cache-Hits:
      - 0, 0
      X-Served-By:
      - cache-nrt-rjtf7700063-NRT, cache-nrt-rjtf7700063-NRT
      X-Timer:
      - S1713362543.868832,VS0,VE4762
    status: 201 Created
    code: 201
    duration: ""
- request:
    body: '{"name":"TestClient_CreateKVStoresWithLocations_ASIA"}'
    form: {}
    headers:
      Accept:
      - application/json
      Content-Type:
      - application/json
      User-Agent:
      - FastlyGo/9.3.1 (+github.com/fastly/go-fastly; go1.22.2)
    url: https://api.fastly.com/resources/stores/kv?location=ASIA
    method: POST
  response:
    body: '{"id":"bnkj22sjmn6ze2c97jimc3","name":"TestClient_CreateKVStoresWithLocations_ASIA","created_at":"2024-04-17
      14:02:30","updated_at":"2024-04-17 14:02:30"}'
    headers:
      Accept-Ranges:
      - bytes
      Cache-Control:
      - no-store
      Content-Type:
      - application/json
      Date:
      - Wed, 17 Apr 2024 14:02:30 GMT
      Pragma:
      - no-cache
      Strict-Transport-Security:
      - max-age=31536000
      Via:
      - 1.1 varnish
      X-Cache:
      - MISS, MISS
      X-Cache-Hits:
      - 0, 0
      X-Served-By:
      - cache-nrt-rjtf7700063-NRT, cache-nrt-rjtf7700063-NRT
      X-Timer:
      - S1713362548.639648,VS0,VE3085
    status: 201 Created
    code: 201
    duration: ""
- request:
    body: '{"name":"TestClient_CreateKVStoresWithLocations_AUS"}'
    form: {}
    headers:
      Accept:
      - application/json
      Content-Type:
      - application/json
      User-Agent:
      - FastlyGo/9.3.1 (+github.com/fastly/go-fastly; go1.22.2)
    url: https://api.fastly.com/resources/stores/kv?location=AUS
    method: POST
  response:
    body: '{"id":"avp2ql3vm5ia5ylal8x3wn","name":"TestClient_CreateKVStoresWithLocations_AUS","created_at":"2024-04-17
      14:02:34","updated_at":"2024-04-17 14:02:34"}'
    headers:
      Accept-Ranges:
      - bytes
      Cache-Control:
      - no-store
      Content-Type:
      - application/json
      Date:
      - Wed, 17 Apr 2024 14:02:34 GMT
      Pragma:
      - no-cache
      Strict-Transport-Security:
      - max-age=31536000
      Via:
      - 1.1 varnish
      X-Cache:
      - MISS, MISS
      X-Cache-Hits:
      - 0, 0
      X-Served-By:
      - cache-nrt-rjtf7700063-NRT, cache-nrt-rjtf7700063-NRT
      X-Timer:
      - S1713362551.736102,VS0,VE4206
    status: 201 Created
    code: 201
    duration: ""
