---
version: 1
interactions:
- request:
    body: '{"name":"TestClient_CreateKVStoresWithLocations_US"}'
    form: {}
    headers:
      Accept:
      - application/json
      Content-Type:
      - application/json
      User-Agent:
      - FastlyGo/10.3.0 (+github.com/fastly/go-fastly; go1.24.2)
    url: https://api.fastly.com/resources/stores/kv?location=US
    method: POST
  response:
    body: '{"id":"f2d218va6ej3q4h8hl8o11","name":"TestClient_CreateKVStoresWithLocations_US","created_at":"2025-06-23
      19:40:58","updated_at":"2025-06-23 19:40:58"}'
    headers:
      Accept-Ranges:
      - bytes
      Cache-Control:
      - no-store
      Content-Type:
      - application/json
      Date:
      - Mon, 23 Jun 2025 19:40:59 GMT
      Pragma:
      - no-cache
      Server:
      - fastly
      Strict-Transport-Security:
      - max-age=31536000
      Via:
      - 1.1 varnish
      X-Cache:
      - MISS, MISS
      X-Cache-Hits:
      - 0, 0
      X-Served-By:
      - cache-ewr-kewr1740030-EWR, cache-ewr-kewr1740030-EWR
      X-Timer:
      - S1750707658.591214,VS0,VE1981
    status: 201 Created
    code: 201
    duration: ""
- request:
    body: '{"name":"TestClient_CreateKVStoresWithLocations_EU"}'
    form: {}
    headers:
      Accept:
      - application/json
      Content-Type:
      - application/json
      User-Agent:
      - FastlyGo/10.3.0 (+github.com/fastly/go-fastly; go1.24.2)
    url: https://api.fastly.com/resources/stores/kv?location=EU
    method: POST
  response:
    body: '{"id":"x2by6k4r9xjh9pcvy7dcgk","name":"TestClient_CreateKVStoresWithLocations_EU","created_at":"2025-06-23
      19:41:02","updated_at":"2025-06-23 19:41:02"}'
    headers:
      Accept-Ranges:
      - bytes
      Cache-Control:
      - no-store
      Content-Type:
      - application/json
      Date:
      - Mon, 23 Jun 2025 19:41:02 GMT
      Pragma:
      - no-cache
      Server:
      - fastly
      Strict-Transport-Security:
      - max-age=31536000
      Via:
      - 1.1 varnish
      X-Cache:
      - MISS, MISS
      X-Cache-Hits:
      - 0, 0
      X-Served-By:
      - cache-ewr-kewr1740030-EWR, cache-ewr-kewr1740030-EWR
      X-Timer:
      - S1750707660.597185,VS0,VE2761
    status: 201 Created
    code: 201
    duration: ""
- request:
    body: '{"name":"TestClient_CreateKVStoresWithLocations_ASIA"}'
    form: {}
    headers:
      Accept:
      - application/json
      Content-Type:
      - application/json
      User-Agent:
      - FastlyGo/10.3.0 (+github.com/fastly/go-fastly; go1.24.2)
    url: https://api.fastly.com/resources/stores/kv?location=ASIA
    method: POST
  response:
    body: '{"id":"fbqzbegmluwx4jdg4z6ntd","name":"TestClient_CreateKVStoresWithLocations_ASIA","created_at":"2025-06-23
      19:41:06","updated_at":"2025-06-23 19:41:06"}'
    headers:
      Accept-Ranges:
      - bytes
      Cache-Control:
      - no-store
      Content-Type:
      - application/json
      Date:
      - Mon, 23 Jun 2025 19:41:06 GMT
      Pragma:
      - no-cache
      Server:
      - fastly
      Strict-Transport-Security:
      - max-age=31536000
      Via:
      - 1.1 varnish
      X-Cache:
      - MISS, MISS
      X-Cache-Hits:
      - 0, 0
      X-Served-By:
      - cache-ewr-kewr1740030-EWR, cache-ewr-kewr1740030-EWR
      X-Timer:
      - S1750707662.391489,VS0,VE3996
    status: 201 Created
    code: 201
    duration: ""
- request:
    body: '{"name":"TestClient_CreateKVStoresWithLocations_AUS"}'
    form: {}
    headers:
      Accept:
      - application/json
      Content-Type:
      - application/json
      User-Agent:
      - FastlyGo/10.3.0 (+github.com/fastly/go-fastly; go1.24.2)
    url: https://api.fastly.com/resources/stores/kv?location=AUS
    method: POST
  response:
    body: '{"id":"evzdapufg1m95noqo7i45p","name":"TestClient_CreateKVStoresWithLocations_AUS","created_at":"2025-06-23
      19:41:10","updated_at":"2025-06-23 19:41:10"}'
    headers:
      Accept-Ranges:
      - bytes
      Cache-Control:
      - no-store
      Content-Type:
      - application/json
      Date:
      - Mon, 23 Jun 2025 19:41:10 GMT
      Pragma:
      - no-cache
      Server:
      - fastly
      Strict-Transport-Security:
      - max-age=31536000
      Via:
      - 1.1 varnish
      X-Cache:
      - MISS, MISS
      X-Cache-Hits:
      - 0, 0
      X-Served-By:
      - cache-ewr-kewr1740030-EWR, cache-ewr-kewr1740030-EWR
      X-Timer:
      - S1750707666.413487,VS0,VE4125
    status: 201 Created
    code: 201
    duration: ""
