---
version: 1
interactions:
- request:
    body: ""
    form: {}
    headers:
      User-Agent:
      - FastlyGo/2.0.0 (+github.com/fastly/go-fastly; go1.15.2)
    url: https://api.fastly.com/service/7i6HN3TK9wS159v2gPAZ8A/version/99/logging/openstack/test-openstack
    method: DELETE
  response:
    body: '{"msg":"Record not found","detail":"Couldn''t find syslog ''{ deleted =\u003e
      0000-00-00 00:00:00, name =\u003e test-openstack, service =\u003e 7i6HN3TK9wS159v2gPAZ8A,
      version =\u003e 99 }''"}'
    headers:
      Accept-Ranges:
      - bytes
      Cache-Control:
      - no-cache
      Content-Type:
      - application/json
      Date:
      - Wed, 09 Dec 2020 22:42:36 GMT
      Fastly-Ratelimit-Remaining:
      - "915"
      Fastly-Ratelimit-Reset:
      - "1607554800"
      Status:
      - 404 Not Found
      Strict-Transport-Security:
      - max-age=31536000
      Vary:
      - Accept-Encoding
      Via:
      - 1.1 varnish, 1.1 varnish
      X-Cache:
      - MISS, MISS
      X-Cache-Hits:
      - 0, 0
      X-Served-By:
      - cache-control-slwdc9037-CONTROL-SLWDC, cache-den8263-DEN
      X-Timer:
      - S1607553757.697266,VS0,VE151
    status: 404 Not Found
    code: 404
    duration: ""
- request:
    body: ""
    form: {}
    headers:
      User-Agent:
      - FastlyGo/2.0.0 (+github.com/fastly/go-fastly; go1.15.2)
    url: https://api.fastly.com/service/7i6HN3TK9wS159v2gPAZ8A/version/99/logging/openstack/test-openstack-2
    method: DELETE
  response:
    body: '{"status":"ok"}'
    headers:
      Accept-Ranges:
      - bytes
      Cache-Control:
      - no-cache
      Content-Type:
      - application/json
      Date:
      - Wed, 09 Dec 2020 22:42:37 GMT
      Fastly-Ratelimit-Remaining:
      - "914"
      Fastly-Ratelimit-Reset:
      - "1607554800"
      Status:
      - 200 OK
      Strict-Transport-Security:
      - max-age=31536000
      Vary:
      - Accept-Encoding
      Via:
      - 1.1 varnish, 1.1 varnish
      X-Cache:
      - MISS, MISS
      X-Cache-Hits:
      - 0, 0
      X-Served-By:
      - cache-control-slwdc9037-CONTROL-SLWDC, cache-den8263-DEN
      X-Timer:
      - S1607553757.938006,VS0,VE234
    status: 200 OK
    code: 200
    duration: ""
- request:
    body: ""
    form: {}
    headers:
      User-Agent:
      - FastlyGo/2.0.0 (+github.com/fastly/go-fastly; go1.15.2)
    url: https://api.fastly.com/service/7i6HN3TK9wS159v2gPAZ8A/version/99/logging/openstack/test-openstack-3
    method: DELETE
  response:
    body: '{"status":"ok"}'
    headers:
      Accept-Ranges:
      - bytes
      Cache-Control:
      - no-cache
      Content-Type:
      - application/json
      Date:
      - Wed, 09 Dec 2020 22:42:37 GMT
      Fastly-Ratelimit-Remaining:
      - "913"
      Fastly-Ratelimit-Reset:
      - "1607554800"
      Status:
      - 200 OK
      Strict-Transport-Security:
      - max-age=31536000
      Vary:
      - Accept-Encoding
      Via:
      - 1.1 varnish, 1.1 varnish
      X-Cache:
      - MISS, MISS
      X-Cache-Hits:
      - 0, 0
      X-Served-By:
      - cache-control-slwdc9037-CONTROL-SLWDC, cache-den8263-DEN
      X-Timer:
      - S1607553757.245246,VS0,VE227
    status: 200 OK
    code: 200
    duration: ""
- request:
    body: ""
    form: {}
    headers:
      User-Agent:
      - FastlyGo/2.0.0 (+github.com/fastly/go-fastly; go1.15.2)
    url: https://api.fastly.com/service/7i6HN3TK9wS159v2gPAZ8A/version/99/logging/openstack/new-test-openstack
    method: DELETE
  response:
    body: '{"msg":"Record not found","detail":"Couldn''t find syslog ''{ deleted =\u003e
      0000-00-00 00:00:00, name =\u003e new-test-openstack, service =\u003e 7i6HN3TK9wS159v2gPAZ8A,
      version =\u003e 99 }''"}'
    headers:
      Accept-Ranges:
      - bytes
      Cache-Control:
      - no-cache
      Content-Type:
      - application/json
      Date:
      - Wed, 09 Dec 2020 22:42:37 GMT
      Fastly-Ratelimit-Remaining:
      - "912"
      Fastly-Ratelimit-Reset:
      - "1607554800"
      Status:
      - 404 Not Found
      Strict-Transport-Security:
      - max-age=31536000
      Vary:
      - Accept-Encoding
      Via:
      - 1.1 varnish, 1.1 varnish
      X-Cache:
      - MISS, MISS
      X-Cache-Hits:
      - 0, 0
      X-Served-By:
      - cache-control-slwdc9037-CONTROL-SLWDC, cache-den8263-DEN
      X-Timer:
      - S1607553757.485542,VS0,VE148
    status: 404 Not Found
    code: 404
    duration: ""
