---
version: 1
interactions:
- request:
    body: ""
    form: {}
    headers:
      User-Agent:
      - FastlyGo/6.8.0 (+github.com/fastly/go-fastly; go1.16.15)
    url: https://api.fastly.com/service/kKJb5bOFI47uHeBVluGfX1/version/40/logging/ftp/test-ftp
    method: DELETE
  response:
    body: '{"msg":"Record not found","detail":"Couldn''t find syslog ''{ deleted =\u003e
      0000-00-00 00:00:00, name =\u003e test-ftp, service =\u003e kKJb5bOFI47uHeBVluGfX1,
      version =\u003e 40 }''"}'
    headers:
      Accept-Ranges:
      - bytes
      Cache-Control:
      - no-store
      Content-Type:
      - application/json
      Date:
      - Fri, 04 Nov 2022 11:55:47 GMT
      Fastly-Ratelimit-Remaining:
      - "9964"
      Fastly-Ratelimit-Reset:
      - "1667563200"
      Status:
      - 404 Not Found
      Strict-Transport-Security:
      - max-age=31536000
      Vary:
      - Accept-Encoding
      Via:
      - 1.1 varnish, 1.1 varnish
      X-Cache:
      - MISS, MISS
      X-Cache-Hits:
      - 0, 0
      X-Served-By:
      - cache-control-cp-aws-us-east-1-prod-1-CONTROL-AWS, cache-man4148-MAN
      X-Timer:
      - S1667562948.685109,VS0,VE142
    status: 404 Not Found
    code: 404
    duration: ""
- request:
    body: ""
    form: {}
    headers:
      User-Agent:
      - FastlyGo/6.8.0 (+github.com/fastly/go-fastly; go1.16.15)
    url: https://api.fastly.com/service/kKJb5bOFI47uHeBVluGfX1/version/40/logging/ftp/test-ftp-2
    method: DELETE
  response:
    body: '{"status":"ok"}'
    headers:
      Accept-Ranges:
      - bytes
      Cache-Control:
      - no-store
      Content-Type:
      - application/json
      Date:
      - Fri, 04 Nov 2022 11:55:48 GMT
      Fastly-Ratelimit-Remaining:
      - "9963"
      Fastly-Ratelimit-Reset:
      - "1667563200"
      Status:
      - 200 OK
      Strict-Transport-Security:
      - max-age=31536000
      Vary:
      - Accept-Encoding
      Via:
      - 1.1 varnish, 1.1 varnish
      X-Cache:
      - MISS, MISS
      X-Cache-Hits:
      - 0, 0
      X-Served-By:
      - cache-control-cp-aws-us-east-1-prod-7-CONTROL-AWS, cache-man4148-MAN
      X-Timer:
      - S1667562948.860512,VS0,VE201
    status: 200 OK
    code: 200
    duration: ""
- request:
    body: ""
    form: {}
    headers:
      User-Agent:
      - FastlyGo/6.8.0 (+github.com/fastly/go-fastly; go1.16.15)
    url: https://api.fastly.com/service/kKJb5bOFI47uHeBVluGfX1/version/40/logging/ftp/test-ftp-3
    method: DELETE
  response:
    body: '{"status":"ok"}'
    headers:
      Accept-Ranges:
      - bytes
      Cache-Control:
      - no-store
      Content-Type:
      - application/json
      Date:
      - Fri, 04 Nov 2022 11:55:48 GMT
      Fastly-Ratelimit-Remaining:
      - "9962"
      Fastly-Ratelimit-Reset:
      - "1667563200"
      Status:
      - 200 OK
      Strict-Transport-Security:
      - max-age=31536000
      Vary:
      - Accept-Encoding
      Via:
      - 1.1 varnish, 1.1 varnish
      X-Cache:
      - MISS, MISS
      X-Cache-Hits:
      - 0, 0
      X-Served-By:
      - cache-control-cp-aws-us-east-1-prod-2-CONTROL-AWS, cache-man4148-MAN
      X-Timer:
      - S1667562948.084131,VS0,VE194
    status: 200 OK
    code: 200
    duration: ""
- request:
    body: ""
    form: {}
    headers:
      User-Agent:
      - FastlyGo/6.8.0 (+github.com/fastly/go-fastly; go1.16.15)
    url: https://api.fastly.com/service/kKJb5bOFI47uHeBVluGfX1/version/40/logging/ftp/new-test-ftp
    method: DELETE
  response:
    body: '{"msg":"Record not found","detail":"Couldn''t find syslog ''{ deleted =\u003e
      0000-00-00 00:00:00, name =\u003e new-test-ftp, service =\u003e kKJb5bOFI47uHeBVluGfX1,
      version =\u003e 40 }''"}'
    headers:
      Accept-Ranges:
      - bytes
      Cache-Control:
      - no-store
      Content-Type:
      - application/json
      Date:
      - Fri, 04 Nov 2022 11:55:48 GMT
      Fastly-Ratelimit-Remaining:
      - "9961"
      Fastly-Ratelimit-Reset:
      - "1667563200"
      Status:
      - 404 Not Found
      Strict-Transport-Security:
      - max-age=31536000
      Vary:
      - Accept-Encoding
      Via:
      - 1.1 varnish, 1.1 varnish
      X-Cache:
      - MISS, MISS
      X-Cache-Hits:
      - 0, 0
      X-Served-By:
      - cache-control-cp-aws-us-east-1-prod-7-CONTROL-AWS, cache-man4148-MAN
      X-Timer:
      - S1667562948.316911,VS0,VE153
    status: 404 Not Found
    code: 404
    duration: ""
