---
version: 1
interactions:
- request:
    body: ""
    form: {}
    headers:
      User-Agent:
      - FastlyGo/3.5.0 (+github.com/fastly/go-fastly; go1.16.3)
    url: https://api.fastly.com/service/7i6HN3TK9wS159v2gPAZ8A/version/3/logging/s3/test-s3
    method: DELETE
  response:
    body: '{"msg":"Record not found","detail":"Couldn''t find syslog ''{ deleted =\u003e
      0000-00-00 00:00:00, name =\u003e test-s3, service =\u003e 7i6HN3TK9wS159v2gPAZ8A,
      version =\u003e 3 }''"}'
    headers:
      Accept-Ranges:
      - bytes
      Cache-Control:
      - no-cache
      Content-Type:
      - application/json
      Date:
      - Tue, 13 Apr 2021 18:41:52 GMT
      Fastly-Ratelimit-Remaining:
      - "910"
      Fastly-Ratelimit-Reset:
      - "1618340400"
      Status:
      - 404 Not Found
      Strict-Transport-Security:
      - max-age=31536000
      Vary:
      - Accept-Encoding
      Via:
      - 1.1 varnish, 1.1 varnish
      X-Cache:
      - MISS, MISS
      X-Cache-Hits:
      - 0, 0
      X-Served-By:
      - cache-control-slwdc9037-CONTROL-SLWDC, cache-den8248-DEN
      X-Timer:
      - S1618339312.174749,VS0,VE168
    status: 404 Not Found
    code: 404
    duration: ""
- request:
    body: ""
    form: {}
    headers:
      User-Agent:
      - FastlyGo/3.5.0 (+github.com/fastly/go-fastly; go1.16.3)
    url: https://api.fastly.com/service/7i6HN3TK9wS159v2gPAZ8A/version/3/logging/s3/test-s3-3
    method: DELETE
  response:
    body: '{"status":"ok"}'
    headers:
      Accept-Ranges:
      - bytes
      Cache-Control:
      - no-cache
      Content-Type:
      - application/json
      Date:
      - Tue, 13 Apr 2021 18:41:52 GMT
      Fastly-Ratelimit-Remaining:
      - "909"
      Fastly-Ratelimit-Reset:
      - "1618340400"
      Status:
      - 200 OK
      Strict-Transport-Security:
      - max-age=31536000
      Vary:
      - Accept-Encoding
      Via:
      - 1.1 varnish, 1.1 varnish
      X-Cache:
      - MISS, MISS
      X-Cache-Hits:
      - 0, 0
      X-Served-By:
      - cache-control-slwdc9036-CONTROL-SLWDC, cache-den8248-DEN
      X-Timer:
      - S1618339312.355229,VS0,VE221
    status: 200 OK
    code: 200
    duration: ""
- request:
    body: ""
    form: {}
    headers:
      User-Agent:
      - FastlyGo/3.5.0 (+github.com/fastly/go-fastly; go1.16.3)
    url: https://api.fastly.com/service/7i6HN3TK9wS159v2gPAZ8A/version/3/logging/s3/test-s3-4
    method: DELETE
  response:
    body: '{"status":"ok"}'
    headers:
      Accept-Ranges:
      - bytes
      Cache-Control:
      - no-cache
      Content-Type:
      - application/json
      Date:
      - Tue, 13 Apr 2021 18:41:52 GMT
      Fastly-Ratelimit-Remaining:
      - "908"
      Fastly-Ratelimit-Reset:
      - "1618340400"
      Status:
      - 200 OK
      Strict-Transport-Security:
      - max-age=31536000
      Vary:
      - Accept-Encoding
      Via:
      - 1.1 varnish, 1.1 varnish
      X-Cache:
      - MISS, MISS
      X-Cache-Hits:
      - 0, 0
      X-Served-By:
      - cache-control-slwdc9037-CONTROL-SLWDC, cache-den8248-DEN
      X-Timer:
      - S1618339313.616984,VS0,VE227
    status: 200 OK
    code: 200
    duration: ""
- request:
    body: ""
    form: {}
    headers:
      User-Agent:
      - FastlyGo/3.5.0 (+github.com/fastly/go-fastly; go1.16.3)
    url: https://api.fastly.com/service/7i6HN3TK9wS159v2gPAZ8A/version/3/logging/s3/new-test-s3
    method: DELETE
  response:
    body: '{"msg":"Record not found","detail":"Couldn''t find syslog ''{ deleted =\u003e
      0000-00-00 00:00:00, name =\u003e new-test-s3, service =\u003e 7i6HN3TK9wS159v2gPAZ8A,
      version =\u003e 3 }''"}'
    headers:
      Accept-Ranges:
      - bytes
      Cache-Control:
      - no-cache
      Content-Type:
      - application/json
      Date:
      - Tue, 13 Apr 2021 18:41:53 GMT
      Fastly-Ratelimit-Remaining:
      - "907"
      Fastly-Ratelimit-Reset:
      - "1618340400"
      Status:
      - 404 Not Found
      Strict-Transport-Security:
      - max-age=31536000
      Vary:
      - Accept-Encoding
      Via:
      - 1.1 varnish, 1.1 varnish
      X-Cache:
      - MISS, MISS
      X-Cache-Hits:
      - 0, 0
      X-Served-By:
      - cache-control-slwdc9037-CONTROL-SLWDC, cache-den8248-DEN
      X-Timer:
      - S1618339313.933005,VS0,VE217
    status: 404 Not Found
    code: 404
    duration: ""
